// Jest Snapshot v1, https://goo.gl/fbAQLP

exports[`check require-ensure override: 0.js 1`] = `
"Index: 0.js
===================================================================
--- 0.js	
+++ 0.js	
"
`;

exports[`check require-ensure override: 1.js 1`] = `
"Index: 1.js
===================================================================
--- 1.js	
+++ 1.js	
"
`;

exports[`check require-ensure override: main-module.js 1`] = `
"Index: main-module.js
===================================================================
--- main-module.js	
+++ main-module.js	
"
`;

exports[`check require-ensure override: other-module.js 1`] = `
"Index: other-module.js
===================================================================
--- other-module.js	
+++ other-module.js	
"
`;

exports[`check require-ensure override: runtime.js 1`] = `
"Index: runtime.js
===================================================================
--- runtime.js	
+++ runtime.js	
@@ -68,0 +68,3 @@
+/******/ 	function scriptBuilder(url, options) {
+/******/ 	  return document.createElement('script');
+/******/ 	}
@@ -69,0 +72,25 @@
+/******/ 	function scriptUrlResolver(installedChunks, chunkId) {
+/******/ 	  var result = (originalUrl = jsonpScriptSrc(chunkId));
+/******/
+/******/ 	  return result;
+/******/ 	}
+/******/
+/******/ 	function scriptOptionsResolver(installedChunks, chunkId, url) {
+/******/ 	  var result = {};
+/******/
+/******/ 	  return result;
+/******/ 	}
+/******/
+/******/ 	function scriptLoadHandler(installedChunks, chunkId) {
+/******/ 	  var result = null;
+/******/
+/******/ 	  return Promise.resolve(result);
+/******/ 	}
+/******/
+/******/ 	function scriptErrorHandler(installedChunks, chunkId, originalError) {
+/******/ 	  var result = originalError;
+/******/
+/******/ 	  return Promise.reject(result);
+/******/ 	}
+/******/
+/******/
@@ -97,0 +125,15 @@
+/******/ 		var result = (function(
+/******/ 		  installedChunks,
+/******/ 		  chunkId,
+/******/ 		  scriptBuilder,
+/******/ 		  scriptUrlResolver,
+/******/ 		  scriptOptionsResolver,
+/******/ 		  scriptLoadHandler,
+/******/ 		  scriptErrorHandler
+/******/ 		) {
+/******/ 		  // JSONP chunk loading for javascript
+/******/ 		  var INSTALLED = 0;
+/******/ 		  var PROMISE_RESOLVE = 0;
+/******/ 		  var PROMISE_REJECT = 1;
+/******/ 		  var LOAD_PROMISE = 2;
+/******/ 		  var installedChunkData = installedChunks[chunkId];
@@ -98,0 +141,5 @@
+/******/ 		  if (installedChunkData === INSTALLED || installedChunkData) {
+/******/ 		    return installedChunkData === INSTALLED
+/******/ 		      ? Promise.resolve()
+/******/ 		      : installedChunkData[LOAD_PROMISE];
+/******/ 		  }
@@ -99,1 +147,17 @@
-/******/ 		// JSONP chunk loading for javascript
+/******/ 		  var url, options, script, error;
+/******/ 		  installedChunkData = installedChunks[chunkId] = [];
+/******/ 		  installedChunkData[LOAD_PROMISE] = new Promise(function(resolve, reject) {
+/******/ 		    installedChunkData[PROMISE_RESOLVE] = resolve;
+/******/ 		    installedChunkData[PROMISE_REJECT] = reject;
+/******/ 		  })
+/******/ 		    .catch(setError)
+/******/ 		    .then(checkScriptLoaded)
+/******/ 		    .then(onLoad)
+/******/ 		    .catch(onError);
+/******/ 		  Promise.resolve()
+/******/ 		    .then(resolveUrlAndOptions)
+/******/ 		    .then(buildScript)
+/******/ 		    .then(setScript)
+/******/ 		    .then(appendScript)
+/******/ 		    .catch(installedChunkData[PROMISE_REJECT]);
+/******/ 		  return installedChunkData[LOAD_PROMISE];
@@ -101,2 +165,3 @@
-/******/ 		var installedChunkData = installedChunks[chunkId];
-/******/ 		if(installedChunkData !== 0) { // 0 means \\"already installed\\".
+/******/ 		  function checkScriptLoaded() {
+/******/ 		    var chunk = installedChunks[chunkId];
+/******/ 		    var isChunkComplete = chunk === INSTALLED; // ignore any errors if chunk is loaded
@@ -104,9 +169,3 @@
-/******/ 			// a Promise means \\"currently loading\\".
-/******/ 			if(installedChunkData) {
-/******/ 				promises.push(installedChunkData[2]);
-/******/ 			} else {
-/******/ 				// setup Promise in chunk cache
-/******/ 				var promise = new Promise(function(resolve, reject) {
-/******/ 					installedChunkData = installedChunks[chunkId] = [resolve, reject];
-/******/ 				});
-/******/ 				promises.push(installedChunkData[2] = promise);
+/******/ 		    if (isChunkComplete) {
+/******/ 		      return;
+/******/ 		    }
@@ -114,3 +173,7 @@
-/******/ 				// start chunk loading
-/******/ 				var script = document.createElement('script');
-/******/ 				var onScriptComplete;
+/******/ 		    installedChunks[chunkId] = undefined;
+/******/ 		    error = error || new Error('Failed to load resource');
+/******/ 		    error.type = error.type || 'missing';
+/******/ 		    error.request = script.src;
+/******/ 		    error.chunkId = chunkId;
+/******/ 		    throw error;
+/******/ 		  }
@@ -118,6 +181,9 @@
-/******/ 				script.charset = 'utf-8';
-/******/ 				script.timeout = 120;
-/******/ 				if (__webpack_require__.nc) {
-/******/ 					script.setAttribute(\\"nonce\\", __webpack_require__.nc);
-/******/ 				}
-/******/ 				script.src = jsonpScriptSrc(chunkId);
+/******/ 		  function buildScript() {
+/******/ 		    // scriptBuilder can be asynchronous for old school strategies like \`blob loading\`
+/******/ 		    return scriptBuilder(
+/******/ 		      url,
+/******/ 		      options,
+/******/ 		      installedChunkData[PROMISE_RESOLVE],
+/******/ 		      installedChunkData[PROMISE_REJECT]
+/******/ 		    );
+/******/ 		  }
@@ -125,23 +191,35 @@
-/******/ 				onScriptComplete = function (event) {
-/******/ 					// avoid mem leaks in IE.
-/******/ 					script.onerror = script.onload = null;
-/******/ 					clearTimeout(timeout);
-/******/ 					var chunk = installedChunks[chunkId];
-/******/ 					if(chunk !== 0) {
-/******/ 						if(chunk) {
-/******/ 							var errorType = event && (event.type === 'load' ? 'missing' : event.type);
-/******/ 							var realSrc = event && event.target && event.target.src;
-/******/ 							var error = new Error('Loading chunk ' + chunkId + ' failed.\\\\n(' + errorType + ': ' + realSrc + ')');
-/******/ 							error.type = errorType;
-/******/ 							error.request = realSrc;
-/******/ 							chunk[1](error);
-/******/ 						}
-/******/ 						installedChunks[chunkId] = undefined;
-/******/ 					}
-/******/ 				};
-/******/ 				var timeout = setTimeout(function(){
-/******/ 					onScriptComplete({ type: 'timeout', target: script });
-/******/ 				}, 120000);
-/******/ 				script.onerror = script.onload = onScriptComplete;
-/******/ 				document.head.appendChild(script);
-/******/ 			}
+/******/ 		  function resolveUrlAndOptions() {
+/******/ 		    url = scriptUrlResolver(installedChunks, chunkId);
+/******/ 		    options = scriptOptionsResolver(installedChunks, chunkId, url);
+/******/ 		  }
+/******/
+/******/ 		  function appendScript() {
+/******/ 		    document.getElementsByTagName('head')[0].appendChild(script);
+/******/ 		  }
+/******/
+/******/ 		  function setError(_error) {
+/******/ 		    error = _error;
+/******/ 		  }
+/******/
+/******/ 		  function setScript(_script) {
+/******/ 		    script = _script;
+/******/ 		  }
+/******/
+/******/ 		  function onLoad() {
+/******/ 		    return scriptLoadHandler(installedChunks, chunkId);
+/******/ 		  }
+/******/
+/******/ 		  function onError(error) {
+/******/ 		    return scriptErrorHandler(installedChunks, chunkId, error);
+/******/ 		  }
+/******/ 		})(
+/******/ 		  installedChunks,
+/******/ 		  chunkId,
+/******/ 		  scriptBuilder,
+/******/ 		  scriptUrlResolver,
+/******/ 		  scriptOptionsResolver,
+/******/ 		  scriptLoadHandler,
+/******/ 		  scriptErrorHandler
+/******/ 		);
+/******/ 		if (result) {
+/******/ 		  promises.push.apply(promises, [].concat(result));
"
`;
