// Jest Snapshot v1, https://goo.gl/fbAQLP

exports[`ScriptAttr(Nonce) should override script nonce by default: runtime.js 1`] = `
"Index: runtime.js
===================================================================
--- runtime.js	
+++ runtime.js	
@@ Change 1 @@
+/******/ 	  if (Ya.nonce) {
+/******/ 	    result.nonce = Ya.nonce;
+/******/ 	  }
"
`;

exports[`ScriptAttr(Nonce) should override script nonce from custom holder: runtime.js 1`] = `
"Index: runtime.js
===================================================================
--- runtime.js	
+++ runtime.js	
@@ Change 1 @@
+/******/ 	  if (Ya.nonce) {
+/******/ 	    result.nonce = Ya.nonce;
+/******/ 	  }
"
`;
